============================= test session starts ==============================
platform linux -- Python 3.12.13, pytest-8.4.2, pluggy-1.6.0
rootdir: /workspaces/fastapi-tenancy
configfile: pyproject.toml
plugins: anyio-4.14.2, cov-7.1.0, asyncio-0.26.0
asyncio: mode=Mode.AUTO, asyncio_default_fixture_loop_scope=None, asyncio_default_test_loop_scope=function
collected 1136 items

tests/isolation/test_base.py .........                                   [  0%]
tests/isolation/test_database.py ....................................... [  4%]
......                                                                   [  4%]
tests/isolation/test_hybrid.py .........................                 [  6%]
tests/isolation/test_rls.py ......................                       [  8%]
tests/isolation/test_schema.py ......................................... [ 12%]
......                                                                   [ 13%]
tests/storage/test_base_store.py .........................               [ 15%]
tests/storage/test_memory_store.py ..................................... [ 18%]
.............................                                            [ 21%]
tests/storage/test_metadata_retry.py ......                              [ 21%]
tests/storage/test_mssql_store.py ............                           [ 22%]
tests/storage/test_mysql_store.py ...........                            [ 23%]
tests/storage/test_postgres_store.py ...........                         [ 24%]
tests/storage/test_redis_store.py ...................................... [ 27%]
..........                                                               [ 28%]
tests/storage/test_sqla_contract.py .................................... [ 31%]
........................................................................ [ 38%]
........................................................................ [ 44%]
..................................                                       [ 47%]
tests/storage/test_sqlite_store.py ...............                       [ 48%]
tests/test_cache.py .................................................    [ 53%]
tests/test_core_config.py .............................................. [ 57%]
........                                                                 [ 58%]
tests/test_core_context.py ...................................           [ 61%]
tests/test_core_exceptions.py ......................                     [ 63%]
tests/test_core_types.py .......................................         [ 66%]
tests/test_dependencies.py .......................                       [ 68%]
tests/test_manager.py .................................................. [ 72%]
...........................................                              [ 76%]
tests/test_middleware.py ............................................    [ 80%]
tests/test_migrations.py ............................................... [ 84%]
                                                                         [ 84%]
tests/test_resolvers.py ................................................ [ 88%]
....................                                                     [ 90%]
tests/test_utils.py .................................................... [ 95%]
......................................................                   [100%]

================================ tests coverage ================================
_______________ coverage: platform linux, python 3.12.13-final-0 _______________

Name                                          Stmts   Miss Branch BrPart  Cover   Missing
-----------------------------------------------------------------------------------------
src/fastapi_tenancy/__init__.py                  32      0      0      0   100%
src/fastapi_tenancy/cache/__init__.py             2      0      0      0   100%
src/fastapi_tenancy/cache/tenant_cache.py       112      0     28      0   100%
src/fastapi_tenancy/core/__init__.py              0      0      0      0   100%
src/fastapi_tenancy/core/config.py              149      0     36      0   100%
src/fastapi_tenancy/core/context.py              64      0      4      0   100%
src/fastapi_tenancy/core/exceptions.py           73      0      6      0   100%
src/fastapi_tenancy/core/types.py                99      0      8      0   100%
src/fastapi_tenancy/dependencies.py              29      0      2      1    97%   244->exit
src/fastapi_tenancy/isolation/__init__.py         6      0      0      0   100%
src/fastapi_tenancy/isolation/base.py            19      0      2      0   100%
src/fastapi_tenancy/isolation/database.py       235     45     58     12    78%   292, 346->351, 356, 364-367, 372-375, 469-470, 488-495, 498-506, 531, 540-544, 557-558, 566, 580-581, 583-586, 614-615, 624-633, 635-636
src/fastapi_tenancy/isolation/hybrid.py          83      0     16      0   100%
src/fastapi_tenancy/isolation/rls.py             88      7     16      2    91%   234-238, 259, 271->exit, 388-390, 417
src/fastapi_tenancy/isolation/schema.py         281     46     54      5    85%   245-247, 355, 366->exit, 370-372, 423-427, 583, 589->exit, 598-622, 655-670, 677, 799, 856-857, 869-870, 910-911, 942-943, 964
src/fastapi_tenancy/manager.py                  241     21     72      5    90%   195, 285, 328, 462, 487->489, 634, 743-753, 761-771
src/fastapi_tenancy/middleware/__init__.py        2      0      0      0   100%
src/fastapi_tenancy/middleware/tenancy.py       106      3     28      0    98%   294-296
src/fastapi_tenancy/migrations/__init__.py        2      0      0      0   100%
src/fastapi_tenancy/migrations/manager.py       137      4     28      3    95%   199, 316, 323->313, 415-420
src/fastapi_tenancy/resolution/__init__.py        6      0      0      0   100%
src/fastapi_tenancy/resolution/base.py            9      0      0      0   100%
src/fastapi_tenancy/resolution/header.py         26      0      4      0   100%
src/fastapi_tenancy/resolution/jwt.py            52      2     14      0    97%   95-96
src/fastapi_tenancy/resolution/path.py           27      0      6      0   100%
src/fastapi_tenancy/resolution/subdomain.py      35      0     12      0   100%
src/fastapi_tenancy/storage/__init__.py           3      0      0      0   100%
src/fastapi_tenancy/storage/database.py         258      4     36      1    98%   204->205, 505-506, 572-573
src/fastapi_tenancy/storage/memory.py           118      0     28      0   100%
src/fastapi_tenancy/storage/redis.py            180      3     42      1    98%   89, 166->169, 265-267
src/fastapi_tenancy/storage/tenant_store.py      34      0      6      0   100%
src/fastapi_tenancy/utils/__init__.py             0      0      0      0   100%
src/fastapi_tenancy/utils/_sanitize.py           10      0      2      0   100%
src/fastapi_tenancy/utils/db_compat.py           37      0      6      0   100%
src/fastapi_tenancy/utils/encryption.py          72      3     32      4    93%   137-138, 224->227, 229, 266->269
src/fastapi_tenancy/utils/security.py            29      0      6      0   100%
src/fastapi_tenancy/utils/validation.py          51      0     16      0   100%
-----------------------------------------------------------------------------------------
TOTAL                                          2707    138    568     34    94%
Coverage HTML written to dir htmlcov
Coverage XML written to file coverage.xml
============================ 1136 passed in 46.22s =============================
